Component: ARM Compiler 5.06 update 7 (build 960) Tool: armlink [4d3601]

==============================================================================

Section Cross References

    principal.o(i.main) refers to driver_uart.o(i.MyUART_Init) for MyUART_Init
    principal.o(i.main) refers to driver_gpio.o(i.MyGPIO_Init) for MyGPIO_Init
    principal.o(i.main) refers to service_moteur.o(i.MyMoteur_Init) for MyMoteur_Init
    principal.o(i.main) refers to driver_uart.o(i.getValue1) for getValue1
    principal.o(i.main) refers to service_moteur.o(i.MyMoteur_Set_Power) for MyMoteur_Set_Power
    driver_timer.o(i.MyTimer_ActiveIT) refers to driver_timer.o(.data) for ptr
    driver_timer.o(i.TIM1_UP_IRQHandler) refers to driver_timer.o(.data) for ptr
    driver_timer.o(i.TIM2_IRQHandler) refers to driver_timer.o(.data) for ptr
    driver_timer.o(i.TIM3_IRQHandler) refers to driver_timer.o(.data) for ptr
    driver_timer.o(i.TIM4_IRQHandler) refers to driver_timer.o(.data) for ptr
    driver_uart.o(i.USART1_IRQHandler) refers to driver_uart.o(.data) for value1
    driver_uart.o(i.USART2_IRQHandler) refers to driver_uart.o(.data) for value2
    driver_uart.o(i.USART3_IRQHandler) refers to driver_uart.o(.data) for value3
    driver_uart.o(i.getValue1) refers to driver_uart.o(.data) for value1
    driver_uart.o(i.getValue2) refers to driver_uart.o(.data) for value2
    driver_uart.o(i.getValue3) refers to driver_uart.o(.data) for value3
    service_moteur.o(i.MyMoteur_Init) refers to driver_timer.o(i.MyTimer_Base_Init) for MyTimer_Base_Init
    service_moteur.o(i.MyMoteur_Init) refers to driver_gpio.o(i.MyGPIO_Init) for MyGPIO_Init
    service_moteur.o(i.MyMoteur_Init) refers to driver_timer.o(i.MyTimer_PWM) for MyTimer_PWM
    service_moteur.o(i.MyMoteur_Init) refers to service_moteur.o(.data) for psc
    service_moteur.o(i.MyMoteur_Set_Power) refers to driver_gpio.o(i.MyGPIO_Set) for MyGPIO_Set
    service_moteur.o(i.MyMoteur_Set_Power) refers to driver_timer.o(i.PWM_SetCycle) for PWM_SetCycle
    service_moteur.o(i.MyMoteur_Set_Power) refers to driver_gpio.o(i.MyGPIO_Reset) for MyGPIO_Reset
    startup_stm32f10x_md.o(RESET) refers to startup_stm32f10x_md.o(STACK) for __initial_sp
    startup_stm32f10x_md.o(RESET) refers to startup_stm32f10x_md.o(.text) for Reset_Handler
    startup_stm32f10x_md.o(RESET) refers to driver_timer.o(i.TIM1_UP_IRQHandler) for TIM1_UP_IRQHandler
    startup_stm32f10x_md.o(RESET) refers to driver_timer.o(i.TIM2_IRQHandler) for TIM2_IRQHandler
    startup_stm32f10x_md.o(RESET) refers to driver_timer.o(i.TIM3_IRQHandler) for TIM3_IRQHandler
    startup_stm32f10x_md.o(RESET) refers to driver_timer.o(i.TIM4_IRQHandler) for TIM4_IRQHandler
    startup_stm32f10x_md.o(RESET) refers to driver_uart.o(i.USART1_IRQHandler) for USART1_IRQHandler
    startup_stm32f10x_md.o(RESET) refers to driver_uart.o(i.USART2_IRQHandler) for USART2_IRQHandler
    startup_stm32f10x_md.o(RESET) refers to driver_uart.o(i.USART3_IRQHandler) for USART3_IRQHandler
    startup_stm32f10x_md.o(.text) refers to system_stm32f10x.o(i.SystemInit) for SystemInit
    startup_stm32f10x_md.o(.text) refers to entry.o(.ARM.Collect$$$$00000000) for __main
    system_stm32f10x.o(i.SetSysClock) refers to system_stm32f10x.o(i.SetSysClockTo72) for SetSysClockTo72
    system_stm32f10x.o(i.SystemCoreClockUpdate) refers to system_stm32f10x.o(.data) for SystemCoreClock
    system_stm32f10x.o(i.SystemInit) refers to system_stm32f10x.o(i.SetSysClock) for SetSysClock
    entry.o(.ARM.Collect$$$$00000000) refers (Special) to entry10a.o(.ARM.Collect$$$$0000000F) for __rt_final_cpp
    entry.o(.ARM.Collect$$$$00000000) refers (Special) to entry11a.o(.ARM.Collect$$$$00000011) for __rt_final_exit
    entry.o(.ARM.Collect$$$$00000000) refers (Special) to entry12b.o(.ARM.Collect$$$$0000000E) for __rt_lib_shutdown_fini
    entry.o(.ARM.Collect$$$$00000000) refers (Special) to entry7b.o(.ARM.Collect$$$$00000008) for _main_clock
    entry.o(.ARM.Collect$$$$00000000) refers (Special) to entry8b.o(.ARM.Collect$$$$0000000A) for _main_cpp_init
    entry.o(.ARM.Collect$$$$00000000) refers (Special) to entry9a.o(.ARM.Collect$$$$0000000B) for _main_init
    entry.o(.ARM.Collect$$$$00000000) refers (Special) to entry5.o(.ARM.Collect$$$$00000004) for _main_scatterload
    entry.o(.ARM.Collect$$$$00000000) refers (Special) to entry2.o(.ARM.Collect$$$$00000001) for _main_stk
    entry2.o(.ARM.Collect$$$$00000001) refers to entry2.o(.ARM.Collect$$$$00002712) for __lit__00000000
    entry2.o(.ARM.Collect$$$$00002712) refers to startup_stm32f10x_md.o(STACK) for __initial_sp
    entry2.o(__vectab_stack_and_reset_area) refers to startup_stm32f10x_md.o(STACK) for __initial_sp
    entry2.o(__vectab_stack_and_reset_area) refers to entry.o(.ARM.Collect$$$$00000000) for __main
    entry5.o(.ARM.Collect$$$$00000004) refers to init.o(.text) for __scatterload
    entry9a.o(.ARM.Collect$$$$0000000B) refers to principal.o(i.main) for main
    entry9b.o(.ARM.Collect$$$$0000000C) refers to principal.o(i.main) for main
    init.o(.text) refers to entry5.o(.ARM.Collect$$$$00000004) for __main_after_scatterload


==============================================================================

Removing Unused input sections from the image.

    Removing principal.o(.rev16_text), (4 bytes).
    Removing principal.o(.revsh_text), (4 bytes).
    Removing principal.o(.rrx_text), (6 bytes).
    Removing driver_gpio.o(.rev16_text), (4 bytes).
    Removing driver_gpio.o(.revsh_text), (4 bytes).
    Removing driver_gpio.o(.rrx_text), (6 bytes).
    Removing driver_gpio.o(i.MyGPIO_Toggle), (12 bytes).
    Removing driver_gpio.o(i.MyGRPIO_Read), (12 bytes).
    Removing driver_timer.o(.rev16_text), (4 bytes).
    Removing driver_timer.o(.revsh_text), (4 bytes).
    Removing driver_timer.o(.rrx_text), (6 bytes).
    Removing driver_timer.o(i.MyTimer_ActiveIT), (204 bytes).
    Removing driver_adc.o(.rev16_text), (4 bytes).
    Removing driver_adc.o(.revsh_text), (4 bytes).
    Removing driver_adc.o(.rrx_text), (6 bytes).
    Removing driver_adc.o(i.ADC_GetValue), (52 bytes).
    Removing driver_adc.o(i.Init_ADC), (76 bytes).
    Removing driver_uart.o(.rev16_text), (4 bytes).
    Removing driver_uart.o(.revsh_text), (4 bytes).
    Removing driver_uart.o(.rrx_text), (6 bytes).
    Removing driver_uart.o(i.getValue2), (12 bytes).
    Removing driver_uart.o(i.getValue3), (12 bytes).
    Removing service_moteur.o(.rev16_text), (4 bytes).
    Removing service_moteur.o(.revsh_text), (4 bytes).
    Removing service_moteur.o(.rrx_text), (6 bytes).
    Removing startup_stm32f10x_md.o(HEAP), (512 bytes).
    Removing system_stm32f10x.o(.rev16_text), (4 bytes).
    Removing system_stm32f10x.o(.revsh_text), (4 bytes).
    Removing system_stm32f10x.o(.rrx_text), (6 bytes).
    Removing system_stm32f10x.o(i.SystemCoreClockUpdate), (164 bytes).
    Removing system_stm32f10x.o(.data), (20 bytes).

31 unused section(s) (total 1174 bytes) removed from the image.

==============================================================================

Image Symbol Table

    Local Symbols

    Symbol Name                              Value     Ov Type        Size  Object(Section)

    ../clib/microlib/init/entry.s            0x00000000   Number         0  entry5.o ABSOLUTE
    ../clib/microlib/init/entry.s            0x00000000   Number         0  entry.o ABSOLUTE
    ../clib/microlib/init/entry.s            0x00000000   Number         0  entry12b.o ABSOLUTE
    ../clib/microlib/init/entry.s            0x00000000   Number         0  entry12a.o ABSOLUTE
    ../clib/microlib/init/entry.s            0x00000000   Number         0  entry11a.o ABSOLUTE
    ../clib/microlib/init/entry.s            0x00000000   Number         0  entry10b.o ABSOLUTE
    ../clib/microlib/init/entry.s            0x00000000   Number         0  entry10a.o ABSOLUTE
    ../clib/microlib/init/entry.s            0x00000000   Number         0  entry9b.o ABSOLUTE
    ../clib/microlib/init/entry.s            0x00000000   Number         0  entry2.o ABSOLUTE
    ../clib/microlib/init/entry.s            0x00000000   Number         0  entry9a.o ABSOLUTE
    ../clib/microlib/init/entry.s            0x00000000   Number         0  entry11b.o ABSOLUTE
    ../clib/microlib/init/entry.s            0x00000000   Number         0  entry8b.o ABSOLUTE
    ../clib/microlib/init/entry.s            0x00000000   Number         0  entry8a.o ABSOLUTE
    ../clib/microlib/init/entry.s            0x00000000   Number         0  entry7b.o ABSOLUTE
    ../clib/microlib/init/entry.s            0x00000000   Number         0  entry7a.o ABSOLUTE
    ..\Drivers\Source\Driver_ADC.c           0x00000000   Number         0  driver_adc.o ABSOLUTE
    ..\Drivers\Source\Driver_GPIO.c          0x00000000   Number         0  driver_gpio.o ABSOLUTE
    ..\Drivers\Source\Driver_Timer.c         0x00000000   Number         0  driver_timer.o ABSOLUTE
    ..\Drivers\Source\Driver_UART.c          0x00000000   Number         0  driver_uart.o ABSOLUTE
    ..\Services\Source\Service_Moteur.c      0x00000000   Number         0  service_moteur.o ABSOLUTE
    ..\\Drivers\\Source\\Driver_ADC.c        0x00000000   Number         0  driver_adc.o ABSOLUTE
    ..\\Drivers\\Source\\Driver_GPIO.c       0x00000000   Number         0  driver_gpio.o ABSOLUTE
    ..\\Drivers\\Source\\Driver_Timer.c      0x00000000   Number         0  driver_timer.o ABSOLUTE
    ..\\Drivers\\Source\\Driver_UART.c       0x00000000   Number         0  driver_uart.o ABSOLUTE
    ..\\Services\\Source\\Service_Moteur.c   0x00000000   Number         0  service_moteur.o ABSOLUTE
    RTE\Device\STM32F103RB\startup_stm32f10x_md.s 0x00000000   Number         0  startup_stm32f10x_md.o ABSOLUTE
    RTE\Device\STM32F103RB\system_stm32f10x.c 0x00000000   Number         0  system_stm32f10x.o ABSOLUTE
    RTE\\Device\\STM32F103RB\\system_stm32f10x.c 0x00000000   Number         0  system_stm32f10x.o ABSOLUTE
    Source\Principal.c                       0x00000000   Number         0  principal.o ABSOLUTE
    Source\\Principal.c                      0x00000000   Number         0  principal.o ABSOLUTE
    dc.s                                     0x00000000   Number         0  dc.o ABSOLUTE
    handlers.s                               0x00000000   Number         0  handlers.o ABSOLUTE
    init.s                                   0x00000000   Number         0  init.o ABSOLUTE
    RESET                                    0x08000000   Section      236  startup_stm32f10x_md.o(RESET)
    .ARM.Collect$$$$00000000                 0x080000ec   Section        0  entry.o(.ARM.Collect$$$$00000000)
    .ARM.Collect$$$$00000001                 0x080000ec   Section        4  entry2.o(.ARM.Collect$$$$00000001)
    .ARM.Collect$$$$00000004                 0x080000f0   Section        4  entry5.o(.ARM.Collect$$$$00000004)
    .ARM.Collect$$$$00000008                 0x080000f4   Section        0  entry7b.o(.ARM.Collect$$$$00000008)
    .ARM.Collect$$$$0000000A                 0x080000f4   Section        0  entry8b.o(.ARM.Collect$$$$0000000A)
    .ARM.Collect$$$$0000000B                 0x080000f4   Section        8  entry9a.o(.ARM.Collect$$$$0000000B)
    .ARM.Collect$$$$0000000E                 0x080000fc   Section        4  entry12b.o(.ARM.Collect$$$$0000000E)
    .ARM.Collect$$$$0000000F                 0x08000100   Section        0  entry10a.o(.ARM.Collect$$$$0000000F)
    .ARM.Collect$$$$00000011                 0x08000100   Section        0  entry11a.o(.ARM.Collect$$$$00000011)
    .ARM.Collect$$$$00002712                 0x08000100   Section        4  entry2.o(.ARM.Collect$$$$00002712)
    __lit__00000000                          0x08000100   Data           4  entry2.o(.ARM.Collect$$$$00002712)
    .text                                    0x08000104   Section       36  startup_stm32f10x_md.o(.text)
    .text                                    0x08000128   Section       36  init.o(.text)
    i.MyGPIO_Init                            0x0800014c   Section        0  driver_gpio.o(i.MyGPIO_Init)
    i.MyGPIO_Reset                           0x08000288   Section        0  driver_gpio.o(i.MyGPIO_Reset)
    i.MyGPIO_Set                             0x08000294   Section        0  driver_gpio.o(i.MyGPIO_Set)
    i.MyMoteur_Init                          0x080002a0   Section        0  service_moteur.o(i.MyMoteur_Init)
    i.MyMoteur_Set_Power                     0x080002f4   Section        0  service_moteur.o(i.MyMoteur_Set_Power)
    i.MyTimer_Base_Init                      0x08000328   Section        0  driver_timer.o(i.MyTimer_Base_Init)
    i.MyTimer_PWM                            0x08000390   Section        0  driver_timer.o(i.MyTimer_PWM)
    i.MyUART_Init                            0x08000420   Section        0  driver_uart.o(i.MyUART_Init)
    i.PWM_SetCycle                           0x08000514   Section        0  driver_timer.o(i.PWM_SetCycle)
    i.SetSysClock                            0x0800053c   Section        0  system_stm32f10x.o(i.SetSysClock)
    SetSysClock                              0x0800053d   Thumb Code     8  system_stm32f10x.o(i.SetSysClock)
    i.SetSysClockTo72                        0x08000544   Section        0  system_stm32f10x.o(i.SetSysClockTo72)
    SetSysClockTo72                          0x08000545   Thumb Code   214  system_stm32f10x.o(i.SetSysClockTo72)
    i.SystemInit                             0x08000624   Section        0  system_stm32f10x.o(i.SystemInit)
    i.TIM1_UP_IRQHandler                     0x08000684   Section        0  driver_timer.o(i.TIM1_UP_IRQHandler)
    i.TIM2_IRQHandler                        0x080006a8   Section        0  driver_timer.o(i.TIM2_IRQHandler)
    i.TIM3_IRQHandler                        0x080006cc   Section        0  driver_timer.o(i.TIM3_IRQHandler)
    i.TIM4_IRQHandler                        0x080006f0   Section        0  driver_timer.o(i.TIM4_IRQHandler)
    i.USART1_IRQHandler                      0x08000714   Section        0  driver_uart.o(i.USART1_IRQHandler)
    i.USART2_IRQHandler                      0x08000728   Section        0  driver_uart.o(i.USART2_IRQHandler)
    i.USART3_IRQHandler                      0x0800073c   Section        0  driver_uart.o(i.USART3_IRQHandler)
    i.__scatterload_copy                     0x08000750   Section       14  handlers.o(i.__scatterload_copy)
    i.__scatterload_null                     0x0800075e   Section        2  handlers.o(i.__scatterload_null)
    i.__scatterload_zeroinit                 0x08000760   Section       14  handlers.o(i.__scatterload_zeroinit)
    i.getValue1                              0x08000770   Section        0  driver_uart.o(i.getValue1)
    i.main                                   0x0800077c   Section        0  principal.o(i.main)
    .data                                    0x20000000   Section        4  driver_timer.o(.data)
    .data                                    0x20000004   Section        3  driver_uart.o(.data)
    .data                                    0x20000008   Section        4  service_moteur.o(.data)
    STACK                                    0x20000010   Section     1024  startup_stm32f10x_md.o(STACK)

    Global Symbols

    Symbol Name                              Value     Ov Type        Size  Object(Section)

    BuildAttributes$$THM_ISAv4$P$D$K$B$S$PE$A:L22UL41UL21$X:L11$S22US41US21$IEEE1$IW$USESV6$~STKCKD$USESV7$~SHL$OSPACE$EBA8$MICROLIB$REQ8$PRES8$EABIv2 0x00000000   Number         0  anon$$obj.o ABSOLUTE
    __ARM_use_no_argv                        0x00000000   Number         0  principal.o ABSOLUTE
    __arm_fini_                               - Undefined Weak Reference
    __cpp_initialize__aeabi_                  - Undefined Weak Reference
    __cxa_finalize                            - Undefined Weak Reference
    __decompress                              - Undefined Weak Reference
    _clock_init                               - Undefined Weak Reference
    _microlib_exit                            - Undefined Weak Reference
    __Vectors_Size                           0x000000ec   Number         0  startup_stm32f10x_md.o ABSOLUTE
    __Vectors                                0x08000000   Data           4  startup_stm32f10x_md.o(RESET)
    __Vectors_End                            0x080000ec   Data           0  startup_stm32f10x_md.o(RESET)
    __main                                   0x080000ed   Thumb Code     0  entry.o(.ARM.Collect$$$$00000000)
    _main_stk                                0x080000ed   Thumb Code     0  entry2.o(.ARM.Collect$$$$00000001)
    _main_scatterload                        0x080000f1   Thumb Code     0  entry5.o(.ARM.Collect$$$$00000004)
    __main_after_scatterload                 0x080000f5   Thumb Code     0  entry5.o(.ARM.Collect$$$$00000004)
    _main_clock                              0x080000f5   Thumb Code     0  entry7b.o(.ARM.Collect$$$$00000008)
    _main_cpp_init                           0x080000f5   Thumb Code     0  entry8b.o(.ARM.Collect$$$$0000000A)
    _main_init                               0x080000f5   Thumb Code     0  entry9a.o(.ARM.Collect$$$$0000000B)
    __rt_lib_shutdown_fini                   0x080000fd   Thumb Code     0  entry12b.o(.ARM.Collect$$$$0000000E)
    __rt_final_cpp                           0x08000101   Thumb Code     0  entry10a.o(.ARM.Collect$$$$0000000F)
    __rt_final_exit                          0x08000101   Thumb Code     0  entry11a.o(.ARM.Collect$$$$00000011)
    Reset_Handler                            0x08000105   Thumb Code     8  startup_stm32f10x_md.o(.text)
    NMI_Handler                              0x0800010d   Thumb Code     2  startup_stm32f10x_md.o(.text)
    HardFault_Handler                        0x0800010f   Thumb Code     2  startup_stm32f10x_md.o(.text)
    MemManage_Handler                        0x08000111   Thumb Code     2  startup_stm32f10x_md.o(.text)
    BusFault_Handler                         0x08000113   Thumb Code     2  startup_stm32f10x_md.o(.text)
    UsageFault_Handler                       0x08000115   Thumb Code     2  startup_stm32f10x_md.o(.text)
    SVC_Handler                              0x08000117   Thumb Code     2  startup_stm32f10x_md.o(.text)
    DebugMon_Handler                         0x08000119   Thumb Code     2  startup_stm32f10x_md.o(.text)
    PendSV_Handler                           0x0800011b   Thumb Code     2  startup_stm32f10x_md.o(.text)
    SysTick_Handler                          0x0800011d   Thumb Code     2  startup_stm32f10x_md.o(.text)
    ADC1_2_IRQHandler                        0x0800011f   Thumb Code     0  startup_stm32f10x_md.o(.text)
    CAN1_RX1_IRQHandler                      0x0800011f   Thumb Code     0  startup_stm32f10x_md.o(.text)
    CAN1_SCE_IRQHandler                      0x0800011f   Thumb Code     0  startup_stm32f10x_md.o(.text)
    DMA1_Channel1_IRQHandler                 0x0800011f   Thumb Code     0  startup_stm32f10x_md.o(.text)
    DMA1_Channel2_IRQHandler                 0x0800011f   Thumb Code     0  startup_stm32f10x_md.o(.text)
    DMA1_Channel3_IRQHandler                 0x0800011f   Thumb Code     0  startup_stm32f10x_md.o(.text)
    DMA1_Channel4_IRQHandler                 0x0800011f   Thumb Code     0  startup_stm32f10x_md.o(.text)
    DMA1_Channel5_IRQHandler                 0x0800011f   Thumb Code     0  startup_stm32f10x_md.o(.text)
    DMA1_Channel6_IRQHandler                 0x0800011f   Thumb Code     0  startup_stm32f10x_md.o(.text)
    DMA1_Channel7_IRQHandler                 0x0800011f   Thumb Code     0  startup_stm32f10x_md.o(.text)
    EXTI0_IRQHandler                         0x0800011f   Thumb Code     0  startup_stm32f10x_md.o(.text)
    EXTI15_10_IRQHandler                     0x0800011f   Thumb Code     0  startup_stm32f10x_md.o(.text)
    EXTI1_IRQHandler                         0x0800011f   Thumb Code     0  startup_stm32f10x_md.o(.text)
    EXTI2_IRQHandler                         0x0800011f   Thumb Code     0  startup_stm32f10x_md.o(.text)
    EXTI3_IRQHandler                         0x0800011f   Thumb Code     0  startup_stm32f10x_md.o(.text)
    EXTI4_IRQHandler                         0x0800011f   Thumb Code     0  startup_stm32f10x_md.o(.text)
    EXTI9_5_IRQHandler                       0x0800011f   Thumb Code     0  startup_stm32f10x_md.o(.text)
    FLASH_IRQHandler                         0x0800011f   Thumb Code     0  startup_stm32f10x_md.o(.text)
    I2C1_ER_IRQHandler                       0x0800011f   Thumb Code     0  startup_stm32f10x_md.o(.text)
    I2C1_EV_IRQHandler                       0x0800011f   Thumb Code     0  startup_stm32f10x_md.o(.text)
    I2C2_ER_IRQHandler                       0x0800011f   Thumb Code     0  startup_stm32f10x_md.o(.text)
    I2C2_EV_IRQHandler                       0x0800011f   Thumb Code     0  startup_stm32f10x_md.o(.text)
    PVD_IRQHandler                           0x0800011f   Thumb Code     0  startup_stm32f10x_md.o(.text)
    RCC_IRQHandler                           0x0800011f   Thumb Code     0  startup_stm32f10x_md.o(.text)
    RTCAlarm_IRQHandler                      0x0800011f   Thumb Code     0  startup_stm32f10x_md.o(.text)
    RTC_IRQHandler                           0x0800011f   Thumb Code     0  startup_stm32f10x_md.o(.text)
    SPI1_IRQHandler                          0x0800011f   Thumb Code     0  startup_stm32f10x_md.o(.text)
    SPI2_IRQHandler                          0x0800011f   Thumb Code     0  startup_stm32f10x_md.o(.text)
    TAMPER_IRQHandler                        0x0800011f   Thumb Code     0  startup_stm32f10x_md.o(.text)
    TIM1_BRK_IRQHandler                      0x0800011f   Thumb Code     0  startup_stm32f10x_md.o(.text)
    TIM1_CC_IRQHandler                       0x0800011f   Thumb Code     0  startup_stm32f10x_md.o(.text)
    TIM1_TRG_COM_IRQHandler                  0x0800011f   Thumb Code     0  startup_stm32f10x_md.o(.text)
    USBWakeUp_IRQHandler                     0x0800011f   Thumb Code     0  startup_stm32f10x_md.o(.text)
    USB_HP_CAN1_TX_IRQHandler                0x0800011f   Thumb Code     0  startup_stm32f10x_md.o(.text)
    USB_LP_CAN1_RX0_IRQHandler               0x0800011f   Thumb Code     0  startup_stm32f10x_md.o(.text)
    WWDG_IRQHandler                          0x0800011f   Thumb Code     0  startup_stm32f10x_md.o(.text)
    __scatterload                            0x08000129   Thumb Code    28  init.o(.text)
    __scatterload_rt2                        0x08000129   Thumb Code     0  init.o(.text)
    MyGPIO_Init                              0x0800014d   Thumb Code   296  driver_gpio.o(i.MyGPIO_Init)
    MyGPIO_Reset                             0x08000289   Thumb Code    12  driver_gpio.o(i.MyGPIO_Reset)
    MyGPIO_Set                               0x08000295   Thumb Code    12  driver_gpio.o(i.MyGPIO_Set)
    MyMoteur_Init                            0x080002a1   Thumb Code    72  service_moteur.o(i.MyMoteur_Init)
    MyMoteur_Set_Power                       0x080002f5   Thumb Code    48  service_moteur.o(i.MyMoteur_Set_Power)
    MyTimer_Base_Init                        0x08000329   Thumb Code    86  driver_timer.o(i.MyTimer_Base_Init)
    MyTimer_PWM                              0x08000391   Thumb Code   142  driver_timer.o(i.MyTimer_PWM)
    MyUART_Init                              0x08000421   Thumb Code   218  driver_uart.o(i.MyUART_Init)
    PWM_SetCycle                             0x08000515   Thumb Code    40  driver_timer.o(i.PWM_SetCycle)
    SystemInit                               0x08000625   Thumb Code    78  system_stm32f10x.o(i.SystemInit)
    TIM1_UP_IRQHandler                       0x08000685   Thumb Code    28  driver_timer.o(i.TIM1_UP_IRQHandler)
    TIM2_IRQHandler                          0x080006a9   Thumb Code    32  driver_timer.o(i.TIM2_IRQHandler)
    TIM3_IRQHandler                          0x080006cd   Thumb Code    28  driver_timer.o(i.TIM3_IRQHandler)
    TIM4_IRQHandler                          0x080006f1   Thumb Code    28  driver_timer.o(i.TIM4_IRQHandler)
    USART1_IRQHandler                        0x08000715   Thumb Code    10  driver_uart.o(i.USART1_IRQHandler)
    USART2_IRQHandler                        0x08000729   Thumb Code    10  driver_uart.o(i.USART2_IRQHandler)
    USART3_IRQHandler                        0x0800073d   Thumb Code    10  driver_uart.o(i.USART3_IRQHandler)
    __scatterload_copy                       0x08000751   Thumb Code    14  handlers.o(i.__scatterload_copy)
    __scatterload_null                       0x0800075f   Thumb Code     2  handlers.o(i.__scatterload_null)
    __scatterload_zeroinit                   0x08000761   Thumb Code    14  handlers.o(i.__scatterload_zeroinit)
    getValue1                                0x08000771   Thumb Code     6  driver_uart.o(i.getValue1)
    main                                     0x0800077d   Thumb Code    46  principal.o(i.main)
    Region$$Table$$Base                      0x080007b0   Number         0  anon$$obj.o(Region$$Table)
    Region$$Table$$Limit                     0x080007d0   Number         0  anon$$obj.o(Region$$Table)
    ptr                                      0x20000000   Data           4  driver_timer.o(.data)
    value1                                   0x20000004   Data           1  driver_uart.o(.data)
    value2                                   0x20000005   Data           1  driver_uart.o(.data)
    value3                                   0x20000006   Data           1  driver_uart.o(.data)
    arr                                      0x20000008   Data           2  service_moteur.o(.data)
    psc                                      0x2000000a   Data           2  service_moteur.o(.data)
    __initial_sp                             0x20000410   Data           0  startup_stm32f10x_md.o(STACK)



==============================================================================

Memory Map of the image

  Image Entry point : 0x08000105

  Load Region LR_1 (Base: 0x08000000, Size: 0x000007dc, Max: 0xffffffff, ABSOLUTE)

    Execution Region ER_RO (Exec base: 0x08000000, Load base: 0x08000000, Size: 0x000007d0, Max: 0xffffffff, ABSOLUTE)

    Exec Addr    Load Addr    Size         Type   Attr      Idx    E Section Name        Object

    0x08000000   0x08000000   0x000000ec   Data   RO          314    RESET               startup_stm32f10x_md.o
    0x080000ec   0x080000ec   0x00000000   Code   RO          365  * .ARM.Collect$$$$00000000  mc_w.l(entry.o)
    0x080000ec   0x080000ec   0x00000004   Code   RO          368    .ARM.Collect$$$$00000001  mc_w.l(entry2.o)
    0x080000f0   0x080000f0   0x00000004   Code   RO          371    .ARM.Collect$$$$00000004  mc_w.l(entry5.o)
    0x080000f4   0x080000f4   0x00000000   Code   RO          373    .ARM.Collect$$$$00000008  mc_w.l(entry7b.o)
    0x080000f4   0x080000f4   0x00000000   Code   RO          375    .ARM.Collect$$$$0000000A  mc_w.l(entry8b.o)
    0x080000f4   0x080000f4   0x00000008   Code   RO          376    .ARM.Collect$$$$0000000B  mc_w.l(entry9a.o)
    0x080000fc   0x080000fc   0x00000004   Code   RO          383    .ARM.Collect$$$$0000000E  mc_w.l(entry12b.o)
    0x08000100   0x08000100   0x00000000   Code   RO          378    .ARM.Collect$$$$0000000F  mc_w.l(entry10a.o)
    0x08000100   0x08000100   0x00000000   Code   RO          380    .ARM.Collect$$$$00000011  mc_w.l(entry11a.o)
    0x08000100   0x08000100   0x00000004   Code   RO          369    .ARM.Collect$$$$00002712  mc_w.l(entry2.o)
    0x08000104   0x08000104   0x00000024   Code   RO          315  * .text               startup_stm32f10x_md.o
    0x08000128   0x08000128   0x00000024   Code   RO          384    .text               mc_w.l(init.o)
    0x0800014c   0x0800014c   0x0000013c   Code   RO           72    i.MyGPIO_Init       driver_gpio.o
    0x08000288   0x08000288   0x0000000c   Code   RO           73    i.MyGPIO_Reset      driver_gpio.o
    0x08000294   0x08000294   0x0000000c   Code   RO           74    i.MyGPIO_Set        driver_gpio.o
    0x080002a0   0x080002a0   0x00000054   Code   RO          282    i.MyMoteur_Init     service_moteur.o
    0x080002f4   0x080002f4   0x00000034   Code   RO          283    i.MyMoteur_Set_Power  service_moteur.o
    0x08000328   0x08000328   0x00000068   Code   RO          121    i.MyTimer_Base_Init  driver_timer.o
    0x08000390   0x08000390   0x0000008e   Code   RO          122    i.MyTimer_PWM       driver_timer.o
    0x0800041e   0x0800041e   0x00000002   PAD
    0x08000420   0x08000420   0x000000f4   Code   RO          219    i.MyUART_Init       driver_uart.o
    0x08000514   0x08000514   0x00000028   Code   RO          123    i.PWM_SetCycle      driver_timer.o
    0x0800053c   0x0800053c   0x00000008   Code   RO          322    i.SetSysClock       system_stm32f10x.o
    0x08000544   0x08000544   0x000000e0   Code   RO          323    i.SetSysClockTo72   system_stm32f10x.o
    0x08000624   0x08000624   0x00000060   Code   RO          325    i.SystemInit        system_stm32f10x.o
    0x08000684   0x08000684   0x00000024   Code   RO          124    i.TIM1_UP_IRQHandler  driver_timer.o
    0x080006a8   0x080006a8   0x00000024   Code   RO          125    i.TIM2_IRQHandler   driver_timer.o
    0x080006cc   0x080006cc   0x00000024   Code   RO          126    i.TIM3_IRQHandler   driver_timer.o
    0x080006f0   0x080006f0   0x00000024   Code   RO          127    i.TIM4_IRQHandler   driver_timer.o
    0x08000714   0x08000714   0x00000014   Code   RO          220    i.USART1_IRQHandler  driver_uart.o
    0x08000728   0x08000728   0x00000014   Code   RO          221    i.USART2_IRQHandler  driver_uart.o
    0x0800073c   0x0800073c   0x00000014   Code   RO          222    i.USART3_IRQHandler  driver_uart.o
    0x08000750   0x08000750   0x0000000e   Code   RO          388    i.__scatterload_copy  mc_w.l(handlers.o)
    0x0800075e   0x0800075e   0x00000002   Code   RO          389    i.__scatterload_null  mc_w.l(handlers.o)
    0x08000760   0x08000760   0x0000000e   Code   RO          390    i.__scatterload_zeroinit  mc_w.l(handlers.o)
    0x0800076e   0x0800076e   0x00000002   PAD
    0x08000770   0x08000770   0x0000000c   Code   RO          223    i.getValue1         driver_uart.o
    0x0800077c   0x0800077c   0x00000034   Code   RO            4    i.main              principal.o
    0x080007b0   0x080007b0   0x00000020   Data   RO          386    Region$$Table       anon$$obj.o


    Execution Region ER_RW (Exec base: 0x20000000, Load base: 0x080007d0, Size: 0x0000000c, Max: 0xffffffff, ABSOLUTE)

    Exec Addr    Load Addr    Size         Type   Attr      Idx    E Section Name        Object

    0x20000000   0x080007d0   0x00000004   Data   RW          128    .data               driver_timer.o
    0x20000004   0x080007d4   0x00000003   Data   RW          226    .data               driver_uart.o
    0x20000007   0x080007d7   0x00000001   PAD
    0x20000008   0x080007d8   0x00000004   Data   RW          284    .data               service_moteur.o


    Execution Region ER_ZI (Exec base: 0x2000000c, Load base: 0x080007dc, Size: 0x00000404, Max: 0xffffffff, ABSOLUTE)

    Exec Addr    Load Addr    Size         Type   Attr      Idx    E Section Name        Object

    0x2000000c   0x080007dc   0x00000004   PAD
    0x20000010        -       0x00000400   Zero   RW          312    STACK               startup_stm32f10x_md.o


==============================================================================

Image component sizes


      Code (inc. data)   RO Data    RW Data    ZI Data      Debug   Object Name

       340         20          0          0          0       2090   driver_gpio.o
       430         46          0          4          0       4298   driver_timer.o
       316         62          0          3          0       2585   driver_uart.o
        52          6          0          0          0     206791   principal.o
       136         16          0          4          0       1263   service_moteur.o
        36          8        236          0       1024        808   startup_stm32f10x_md.o
       328         28          0          0          0       1965   system_stm32f10x.o

    ----------------------------------------------------------------------
      1640        186        268         12       1028     219800   Object Totals
         0          0         32          0          0          0   (incl. Generated)
         2          0          0          1          4          0   (incl. Padding)

    ----------------------------------------------------------------------

      Code (inc. data)   RO Data    RW Data    ZI Data      Debug   Library Member Name

         0          0          0          0          0          0   entry.o
         0          0          0          0          0          0   entry10a.o
         0          0          0          0          0          0   entry11a.o
         4          0          0          0          0          0   entry12b.o
         8          4          0          0          0          0   entry2.o
         4          0          0          0          0          0   entry5.o
         0          0          0          0          0          0   entry7b.o
         0          0          0          0          0          0   entry8b.o
         8          4          0          0          0          0   entry9a.o
        30          0          0          0          0          0   handlers.o
        36          8          0          0          0         68   init.o

    ----------------------------------------------------------------------
        92         16          0          0          0         68   Library Totals
         2          0          0          0          0          0   (incl. Padding)

    ----------------------------------------------------------------------

      Code (inc. data)   RO Data    RW Data    ZI Data      Debug   Library Name

        90         16          0          0          0         68   mc_w.l

    ----------------------------------------------------------------------
        92         16          0          0          0         68   Library Totals

    ----------------------------------------------------------------------

==============================================================================


      Code (inc. data)   RO Data    RW Data    ZI Data      Debug   

      1732        202        268         12       1028     219084   Grand Totals
      1732        202        268         12       1028     219084   ELF Image Totals
      1732        202        268         12          0          0   ROM Totals

==============================================================================

    Total RO  Size (Code + RO Data)                 2000 (   1.95kB)
    Total RW  Size (RW Data + ZI Data)              1040 (   1.02kB)
    Total ROM Size (Code + RO Data + RW Data)       2012 (   1.96kB)

==============================================================================

